#
# There is insufficient memory for the Java Runtime Environment to continue.
# Native memory allocation (malloc) failed to allocate 972736 bytes. Error detail: Chunk::new
# Possible reasons:
#   The system is out of physical RAM or swap space
#   This process is running with CompressedOops enabled, and the Java Heap may be blocking the growth of the native heap
# Possible solutions:
#   Reduce memory load on the system
#   Increase physical memory or swap space
#   Check if swap backing store is full
#   Decrease Java heap size (-Xmx/-Xms)
#   Decrease number of Java threads
#   Decrease Java thread stack sizes (-Xss)
#   Set larger code cache with -XX:ReservedCodeCacheSize=
#   JVM is running with Zero Based Compressed Oops mode in which the Java heap is
#     placed in the first 32GB address space. The Java Heap base address is the
#     maximum limit for the native heap growth. Please use -XX:HeapBaseMinAddress
#     to set the Java Heap base and to place the Java Heap above 32GB virtual address.
# This output file may be truncated or incomplete.
#
#  Out of Memory Error (arena.cpp:168), pid=10376, tid=360
#
# JRE version: OpenJDK Runtime Environment Temurin-21.0.11+10 (21.0.11+10) (build 21.0.11+10-LTS)
# Java VM: OpenJDK 64-Bit Server VM Temurin-21.0.11+10 (21.0.11+10-LTS, mixed mode, sharing, tiered, compressed oops, compressed class ptrs, g1 gc, windows-amd64)
# No core dump will be written. Minidumps are not enabled by default on client versions of Windows
#

---------------  S U M M A R Y ------------

Command Line: --add-opens=java.base/java.lang=ALL-UNNAMED --add-opens=java.base/java.lang.invoke=ALL-UNNAMED --add-opens=java.base/java.util=ALL-UNNAMED --add-opens=java.prefs/java.util.prefs=ALL-UNNAMED --add-exports=jdk.compiler/com.sun.tools.javac.api=ALL-UNNAMED --add-exports=jdk.compiler/com.sun.tools.javac.util=ALL-UNNAMED --add-opens=java.base/java.util=ALL-UNNAMED --add-opens=java.prefs/java.util.prefs=ALL-UNNAMED --add-opens=java.base/java.nio.charset=ALL-UNNAMED --add-opens=java.base/java.net=ALL-UNNAMED --add-opens=java.base/java.util.concurrent=ALL-UNNAMED --add-opens=java.base/java.util.concurrent.atomic=ALL-UNNAMED --add-opens=java.xml/javax.xml.namespace=ALL-UNNAMED --add-opens=java.base/java.time=ALL-UNNAMED -XX:MaxMetaspaceSize=4G -XX:ReservedCodeCacheSize=512m -XX:+HeapDumpOnOutOfMemoryError -Xmx8G -Dfile.encoding=UTF-8 -Duser.country=US -Duser.language=en -Duser.variant -javaagent:C:\Users\USER\.gradle\wrapper\dists\gradle-9.3.1-all\9ot9r568e8zfvvd4mn8rbu1j0\gradle-9.3.1\lib\agents\gradle-instrumentation-agent-9.3.1.jar org.gradle.launcher.daemon.bootstrap.GradleDaemon 9.3.1

Host: 12th Gen Intel(R) Core(TM) i3-1215U, 8 cores, 15G,  Windows 11 , 64 bit Build 26100 (10.0.26100.9278)
Time: Mon Aug 31 14:33:32 2026 Sri Lanka Standard Time elapsed time: 3.523895 seconds (0d 0h 0m 3s)

---------------  T H R E A D  ---------------

Current thread (0x000001cf28251230):  JavaThread "C2 CompilerThread0" daemon [_thread_in_native, id=360, stack(0x0000008628900000,0x0000008628a00000) (1024K)]


Current CompileTask:
C2:3524 2625   !   4       java.lang.ClassLoader::loadClass (121 bytes)

Stack: [0x0000008628900000,0x0000008628a00000]
Native frames: (J=compiled Java code, j=interpreted, Vv=VM code, C=native code)
V  [jvm.dll+0x6d7e19]
V  [jvm.dll+0x8b5096]
V  [jvm.dll+0x8b764e]
V  [jvm.dll+0x8b7d33]
V  [jvm.dll+0x284596]
V  [jvm.dll+0xc685d]
V  [jvm.dll+0xc6da1]
V  [jvm.dll+0x2fb4ee]
V  [jvm.dll+0x5fe9a4]
V  [jvm.dll+0x255d67]
V  [jvm.dll+0x25612d]
V  [jvm.dll+0x24e6a0]
V  [jvm.dll+0x24bbe6]
V  [jvm.dll+0x1cb4ae]
V  [jvm.dll+0x25baad]
V  [jvm.dll+0x25a03a]
V  [jvm.dll+0x3f868e]
V  [jvm.dll+0x85fb0d]
V  [jvm.dll+0x6d664d]
C  [ucrtbase.dll+0x2cd30]
C  [KERNEL32.DLL+0x2ccb7]
C  [ntdll.dll+0xacaec]


---------------  P R O C E S S  ---------------

Threads class SMR info:
_java_thread_list=0x000001cf6f718ed0, length=25, elements={
0x000001cf77f702a0, 0x000001cf7f8922d0, 0x000001cf7f894e40, 0x000001cf7f8993a0,
0x000001cf7f89a1b0, 0x000001cf7f89bf90, 0x000001cf7f8a6620, 0x000001cf28251230,
0x000001cf7f8b49f0, 0x000001cf284052d0, 0x000001cf28532480, 0x000001cf6eceae20,
0x000001cf6e4725c0, 0x000001cf6f114eb0, 0x000001cf6f0d1380, 0x000001cf6f1619e0,
0x000001cf6e17b190, 0x000001cf6f1408c0, 0x000001cf6f082190, 0x000001cf6f080750,
0x000001cf6f080de0, 0x000001cf6f082820, 0x000001cf6f0800c0, 0x000001cf6f081b00,
0x000001cf6f082eb0
}

Java Threads: ( => current thread )
  0x000001cf77f702a0 JavaThread "main"                              [_thread_blocked, id=12804, stack(0x0000008627b00000,0x0000008627c00000) (1024K)]
  0x000001cf7f8922d0 JavaThread "Reference Handler"          daemon [_thread_blocked, id=18916, stack(0x0000008628300000,0x0000008628400000) (1024K)]
  0x000001cf7f894e40 JavaThread "Finalizer"                  daemon [_thread_blocked, id=11472, stack(0x0000008628400000,0x0000008628500000) (1024K)]
  0x000001cf7f8993a0 JavaThread "Signal Dispatcher"          daemon [_thread_blocked, id=7032, stack(0x0000008628500000,0x0000008628600000) (1024K)]
  0x000001cf7f89a1b0 JavaThread "Attach Listener"            daemon [_thread_blocked, id=14572, stack(0x0000008628600000,0x0000008628700000) (1024K)]
  0x000001cf7f89bf90 JavaThread "Service Thread"             daemon [_thread_blocked, id=13196, stack(0x0000008628700000,0x0000008628800000) (1024K)]
  0x000001cf7f8a6620 JavaThread "Monitor Deflation Thread"   daemon [_thread_blocked, id=2172, stack(0x0000008628800000,0x0000008628900000) (1024K)]
=>0x000001cf28251230 JavaThread "C2 CompilerThread0"         daemon [_thread_in_native, id=360, stack(0x0000008628900000,0x0000008628a00000) (1024K)]
  0x000001cf7f8b49f0 JavaThread "C1 CompilerThread0"         daemon [_thread_blocked, id=17588, stack(0x0000008628a00000,0x0000008628b00000) (1024K)]
  0x000001cf284052d0 JavaThread "Common-Cleaner"             daemon [_thread_blocked, id=14040, stack(0x0000008628b00000,0x0000008628c00000) (1024K)]
  0x000001cf28532480 JavaThread "Notification Thread"        daemon [_thread_blocked, id=7256, stack(0x0000008628c00000,0x0000008628d00000) (1024K)]
  0x000001cf6eceae20 JavaThread "C2 CompilerThread1"         daemon [_thread_blocked, id=17412, stack(0x0000008628d00000,0x0000008628e00000) (1024K)]
  0x000001cf6e4725c0 JavaThread "Daemon health stats"               [_thread_blocked, id=19364, stack(0x0000008629300000,0x0000008629400000) (1024K)]
  0x000001cf6f114eb0 JavaThread "Incoming local TCP Connector on port 59348"        [_thread_in_native, id=14964, stack(0x0000008629400000,0x0000008629500000) (1024K)]
  0x000001cf6f0d1380 JavaThread "Daemon periodic checks"            [_thread_blocked, id=18636, stack(0x0000008629500000,0x0000008629600000) (1024K)]
  0x000001cf6f1619e0 JavaThread "Daemon"                            [_thread_blocked, id=17008, stack(0x0000008629600000,0x0000008629700000) (1024K)]
  0x000001cf6e17b190 JavaThread "Handler for socket connection from /127.0.0.1:59348 to /127.0.0.1:59349"        [_thread_in_native, id=14408, stack(0x0000008629700000,0x0000008629800000) (1024K)]
  0x000001cf6f1408c0 JavaThread "Cancel handler"                    [_thread_blocked, id=15880, stack(0x0000008629800000,0x0000008629900000) (1024K)]
  0x000001cf6f082190 JavaThread "Daemon worker"                     [_thread_in_Java, id=13432, stack(0x0000008629900000,0x0000008629a00000) (1024K)]
  0x000001cf6f080750 JavaThread "Asynchronous log dispatcher for DefaultDaemonConnection: socket connection from /127.0.0.1:59348 to /127.0.0.1:59349"        [_thread_blocked, id=20372, stack(0x0000008629a00000,0x0000008629b00000) (1024K)]
  0x000001cf6f080de0 JavaThread "Stdin handler"                     [_thread_blocked, id=3956, stack(0x0000008629b00000,0x0000008629c00000) (1024K)]
  0x000001cf6f082820 JavaThread "Daemon client event forwarder"        [_thread_in_Java, id=2896, stack(0x0000008629c00000,0x0000008629d00000) (1024K)]
  0x000001cf6f0800c0 JavaThread "Cache worker for journal cache (C:\Users\USER\.gradle\caches\journal-1)"        [_thread_blocked, id=17372, stack(0x0000008629d00000,0x0000008629e00000) (1024K)]
  0x000001cf6f081b00 JavaThread "File lock request listener"        [_thread_in_native, id=8144, stack(0x0000008629e00000,0x0000008629f00000) (1024K)]
  0x000001cf6f082eb0 JavaThread "Cache worker for file hash cache (C:\Users\USER\.gradle\caches\9.3.1\fileHashes)"        [_thread_blocked, id=13120, stack(0x0000008629f00000,0x000000862a000000) (1024K)]
Total: 25

Other Threads:
  0x000001cf7f873300 VMThread "VM Thread"                           [id=16448, stack(0x0000008628200000,0x0000008628300000) (1024K)]
  0x000001cf7f861170 WatcherThread "VM Periodic Task Thread"        [id=14272, stack(0x0000008628100000,0x0000008628200000) (1024K)]
  0x000001cf7801a410 WorkerThread "GC Thread#0"                     [id=8280, stack(0x0000008627c00000,0x0000008627d00000) (1024K)]
  0x000001cf28690d60 WorkerThread "GC Thread#1"                     [id=12436, stack(0x0000008628e00000,0x0000008628f00000) (1024K)]
  0x000001cf28691110 WorkerThread "GC Thread#2"                     [id=1852, stack(0x0000008628f00000,0x0000008629000000) (1024K)]
  0x000001cf287340a0 WorkerThread "GC Thread#3"                     [id=3868, stack(0x0000008629000000,0x0000008629100000) (1024K)]
  0x000001cf28734450 WorkerThread "GC Thread#4"                     [id=19244, stack(0x0000008629100000,0x0000008629200000) (1024K)]
  0x000001cf2861cbc0 WorkerThread "GC Thread#5"                     [id=12176, stack(0x0000008629200000,0x0000008629300000) (1024K)]
  0x000001cf7802b310 ConcurrentGCThread "G1 Main Marker"            [id=16712, stack(0x0000008627d00000,0x0000008627e00000) (1024K)]
  0x000001cf7802cbb0 WorkerThread "G1 Conc#0"                       [id=6888, stack(0x0000008627e00000,0x0000008627f00000) (1024K)]
  0x000001cf7f72e320 ConcurrentGCThread "G1 Refine#0"               [id=16588, stack(0x0000008627f00000,0x0000008628000000) (1024K)]
  0x000001cf7f72fc60 ConcurrentGCThread "G1 Service"                [id=18480, stack(0x0000008628000000,0x0000008628100000) (1024K)]
Total: 12

Threads with active compile tasks:
C2 CompilerThread0  3555 2625   !   4       java.lang.ClassLoader::loadClass (121 bytes)
Total: 1

VM state: not at safepoint (normal execution)

VM Mutex/Monitor currently owned by a thread: None

Heap address: 0x0000000600000000, size: 8192 MB, Compressed Oops mode: Zero based, Oop shift amount: 3

CDS archive(s) mapped at: [0x000001cf29000000-0x000001cf29ba0000-0x000001cf29ba0000), size 12189696, SharedBaseAddress: 0x000001cf29000000, ArchiveRelocationMode: 1.
Compressed class space mapped at: 0x000001cf2a000000-0x000001cf6a000000, reserved size: 1073741824
Narrow klass base: 0x000001cf29000000, Narrow klass shift: 0, Narrow klass range: 0x100000000

GC Precious Log:
 CardTable entry size: 512
 Card Set container configuration: InlinePtr #cards 4 size 8 Array Of Cards #cards 32 size 80 Howl #buckets 8 coarsen threshold 7372 Howl Bitmap #cards 1024 size 144 coarsen threshold 921 Card regions per heap region 1 cards per card region 8192
 CPUs: 8 total, 8 available
 Memory: 16078M
 Large Page Support: Disabled
 NUMA Support: Disabled
 Compressed Oops: Enabled (Zero based)
 Heap Region Size: 4M
 Heap Min Capacity: 8M
 Heap Initial Capacity: 252M
 Heap Max Capacity: 8G
 Pre-touch: Disabled
 Parallel Workers: 8
 Concurrent Workers: 2
 Concurrent Refinement Workers: 8
 Periodic GC: Disabled

Heap:
 garbage-first heap   total 258048K, used 118404K [0x0000000600000000, 0x0000000800000000)
  region size 4096K, 29 young (118784K), 2 survivors (8192K)
 Metaspace       used 15746K, committed 16192K, reserved 1114112K
  class space    used 2158K, committed 2368K, reserved 1048576K

Heap Regions: E=young(eden), S=young(survivor), O=old, HS=humongous(starts), HC=humongous(continues), CS=collection set, F=free, TAMS=top-at-mark-start, PB=parsable bottom
|   0|0x0000000600000000, 0x0000000600400000, 0x0000000600400000|100%|HS|  |TAMS 0x0000000600000000| PB 0x0000000600000000| Complete 
|   1|0x0000000600400000, 0x0000000600400000, 0x0000000600800000|  0%| F|  |TAMS 0x0000000600400000| PB 0x0000000600400000| Untracked 
|   2|0x0000000600800000, 0x0000000600800000, 0x0000000600c00000|  0%| F|  |TAMS 0x0000000600800000| PB 0x0000000600800000| Untracked 
|   3|0x0000000600c00000, 0x0000000600c00000, 0x0000000601000000|  0%| F|  |TAMS 0x0000000600c00000| PB 0x0000000600c00000| Untracked 
|   4|0x0000000601000000, 0x0000000601000000, 0x0000000601400000|  0%| F|  |TAMS 0x0000000601000000| PB 0x0000000601000000| Untracked 
|   5|0x0000000601400000, 0x0000000601400000, 0x0000000601800000|  0%| F|  |TAMS 0x0000000601400000| PB 0x0000000601400000| Untracked 
|   6|0x0000000601800000, 0x0000000601800000, 0x0000000601c00000|  0%| F|  |TAMS 0x0000000601800000| PB 0x0000000601800000| Untracked 
|   7|0x0000000601c00000, 0x0000000601c00000, 0x0000000602000000|  0%| F|  |TAMS 0x0000000601c00000| PB 0x0000000601c00000| Untracked 
|   8|0x0000000602000000, 0x0000000602000000, 0x0000000602400000|  0%| F|  |TAMS 0x0000000602000000| PB 0x0000000602000000| Untracked 
|   9|0x0000000602400000, 0x0000000602400000, 0x0000000602800000|  0%| F|  |TAMS 0x0000000602400000| PB 0x0000000602400000| Untracked 
|  10|0x0000000602800000, 0x0000000602800000, 0x0000000602c00000|  0%| F|  |TAMS 0x0000000602800000| PB 0x0000000602800000| Untracked 
|  11|0x0000000602c00000, 0x0000000602c00000, 0x0000000603000000|  0%| F|  |TAMS 0x0000000602c00000| PB 0x0000000602c00000| Untracked 
|  12|0x0000000603000000, 0x0000000603000000, 0x0000000603400000|  0%| F|  |TAMS 0x0000000603000000| PB 0x0000000603000000| Untracked 
|  13|0x0000000603400000, 0x0000000603400000, 0x0000000603800000|  0%| F|  |TAMS 0x0000000603400000| PB 0x0000000603400000| Untracked 
|  14|0x0000000603800000, 0x0000000603800000, 0x0000000603c00000|  0%| F|  |TAMS 0x0000000603800000| PB 0x0000000603800000| Untracked 
|  15|0x0000000603c00000, 0x0000000603c00000, 0x0000000604000000|  0%| F|  |TAMS 0x0000000603c00000| PB 0x0000000603c00000| Untracked 
|  16|0x0000000604000000, 0x0000000604000000, 0x0000000604400000|  0%| F|  |TAMS 0x0000000604000000| PB 0x0000000604000000| Untracked 
|  17|0x0000000604400000, 0x0000000604400000, 0x0000000604800000|  0%| F|  |TAMS 0x0000000604400000| PB 0x0000000604400000| Untracked 
|  18|0x0000000604800000, 0x0000000604800000, 0x0000000604c00000|  0%| F|  |TAMS 0x0000000604800000| PB 0x0000000604800000| Untracked 
|  19|0x0000000604c00000, 0x0000000604c00000, 0x0000000605000000|  0%| F|  |TAMS 0x0000000604c00000| PB 0x0000000604c00000| Untracked 
|  20|0x0000000605000000, 0x0000000605000000, 0x0000000605400000|  0%| F|  |TAMS 0x0000000605000000| PB 0x0000000605000000| Untracked 
|  21|0x0000000605400000, 0x0000000605400000, 0x0000000605800000|  0%| F|  |TAMS 0x0000000605400000| PB 0x0000000605400000| Untracked 
|  22|0x0000000605800000, 0x0000000605800000, 0x0000000605c00000|  0%| F|  |TAMS 0x0000000605800000| PB 0x0000000605800000| Untracked 
|  23|0x0000000605c00000, 0x0000000605c00000, 0x0000000606000000|  0%| F|  |TAMS 0x0000000605c00000| PB 0x0000000605c00000| Untracked 
|  24|0x0000000606000000, 0x0000000606000000, 0x0000000606400000|  0%| F|  |TAMS 0x0000000606000000| PB 0x0000000606000000| Untracked 
|  25|0x0000000606400000, 0x0000000606400000, 0x0000000606800000|  0%| F|  |TAMS 0x0000000606400000| PB 0x0000000606400000| Untracked 
|  26|0x0000000606800000, 0x0000000606800000, 0x0000000606c00000|  0%| F|  |TAMS 0x0000000606800000| PB 0x0000000606800000| Untracked 
|  27|0x0000000606c00000, 0x0000000606c00000, 0x0000000607000000|  0%| F|  |TAMS 0x0000000606c00000| PB 0x0000000606c00000| Untracked 
|  28|0x0000000607000000, 0x0000000607000000, 0x0000000607400000|  0%| F|  |TAMS 0x0000000607000000| PB 0x0000000607000000| Untracked 
|  29|0x0000000607400000, 0x0000000607400000, 0x0000000607800000|  0%| F|  |TAMS 0x0000000607400000| PB 0x0000000607400000| Untracked 
|  30|0x0000000607800000, 0x0000000607800000, 0x0000000607c00000|  0%| F|  |TAMS 0x0000000607800000| PB 0x0000000607800000| Untracked 
|  31|0x0000000607c00000, 0x0000000607c00000, 0x0000000608000000|  0%| F|  |TAMS 0x0000000607c00000| PB 0x0000000607c00000| Untracked 
|  32|0x0000000608000000, 0x0000000608000000, 0x0000000608400000|  0%| F|  |TAMS 0x0000000608000000| PB 0x0000000608000000| Untracked 
|  33|0x0000000608400000, 0x0000000608400000, 0x0000000608800000|  0%| F|  |TAMS 0x0000000608400000| PB 0x0000000608400000| Untracked 
|  34|0x0000000608800000, 0x0000000608c00000, 0x0000000608c00000|100%| E|  |TAMS 0x0000000608800000| PB 0x0000000608800000| Complete 
|  35|0x0000000608c00000, 0x0000000609000000, 0x0000000609000000|100%| E|CS|TAMS 0x0000000608c00000| PB 0x0000000608c00000| Complete 
|  36|0x0000000609000000, 0x0000000609400000, 0x0000000609400000|100%| E|CS|TAMS 0x0000000609000000| PB 0x0000000609000000| Complete 
|  37|0x0000000609400000, 0x0000000609800000, 0x0000000609800000|100%| E|CS|TAMS 0x0000000609400000| PB 0x0000000609400000| Complete 
|  38|0x0000000609800000, 0x0000000609c00000, 0x0000000609c00000|100%| E|CS|TAMS 0x0000000609800000| PB 0x0000000609800000| Complete 
|  39|0x0000000609c00000, 0x000000060a000000, 0x000000060a000000|100%| E|CS|TAMS 0x0000000609c00000| PB 0x0000000609c00000| Complete 
|  40|0x000000060a000000, 0x000000060a400000, 0x000000060a400000|100%| E|CS|TAMS 0x000000060a000000| PB 0x000000060a000000| Complete 
|  41|0x000000060a400000, 0x000000060a800000, 0x000000060a800000|100%| E|CS|TAMS 0x000000060a400000| PB 0x000000060a400000| Complete 
|  42|0x000000060a800000, 0x000000060ac00000, 0x000000060ac00000|100%| E|CS|TAMS 0x000000060a800000| PB 0x000000060a800000| Complete 
|  43|0x000000060ac00000, 0x000000060b000000, 0x000000060b000000|100%| E|CS|TAMS 0x000000060ac00000| PB 0x000000060ac00000| Complete 
|  44|0x000000060b000000, 0x000000060b400000, 0x000000060b400000|100%| E|CS|TAMS 0x000000060b000000| PB 0x000000060b000000| Complete 
|  45|0x000000060b400000, 0x000000060b800000, 0x000000060b800000|100%| E|CS|TAMS 0x000000060b400000| PB 0x000000060b400000| Complete 
|  46|0x000000060b800000, 0x000000060bc00000, 0x000000060bc00000|100%| E|CS|TAMS 0x000000060b800000| PB 0x000000060b800000| Complete 
|  47|0x000000060bc00000, 0x000000060c000000, 0x000000060c000000|100%| E|CS|TAMS 0x000000060bc00000| PB 0x000000060bc00000| Complete 
|  48|0x000000060c000000, 0x000000060c400000, 0x000000060c400000|100%| E|CS|TAMS 0x000000060c000000| PB 0x000000060c000000| Complete 
|  49|0x000000060c400000, 0x000000060c800000, 0x000000060c800000|100%| E|CS|TAMS 0x000000060c400000| PB 0x000000060c400000| Complete 
|  50|0x000000060c800000, 0x000000060cba10f0, 0x000000060cc00000| 90%| S|CS|TAMS 0x000000060c800000| PB 0x000000060c800000| Complete 
|  51|0x000000060cc00000, 0x000000060d000000, 0x000000060d000000|100%| S|CS|TAMS 0x000000060cc00000| PB 0x000000060cc00000| Complete 
|  52|0x000000060d000000, 0x000000060d400000, 0x000000060d400000|100%| E|CS|TAMS 0x000000060d000000| PB 0x000000060d000000| Complete 
|  53|0x000000060d400000, 0x000000060d800000, 0x000000060d800000|100%| E|CS|TAMS 0x000000060d400000| PB 0x000000060d400000| Complete 
|  54|0x000000060d800000, 0x000000060dc00000, 0x000000060dc00000|100%| E|CS|TAMS 0x000000060d800000| PB 0x000000060d800000| Complete 
|  55|0x000000060dc00000, 0x000000060e000000, 0x000000060e000000|100%| E|CS|TAMS 0x000000060dc00000| PB 0x000000060dc00000| Complete 
|  56|0x000000060e000000, 0x000000060e400000, 0x000000060e400000|100%| E|CS|TAMS 0x000000060e000000| PB 0x000000060e000000| Complete 
|  57|0x000000060e400000, 0x000000060e800000, 0x000000060e800000|100%| E|CS|TAMS 0x000000060e400000| PB 0x000000060e400000| Complete 
|  58|0x000000060e800000, 0x000000060ec00000, 0x000000060ec00000|100%| E|CS|TAMS 0x000000060e800000| PB 0x000000060e800000| Complete 
|  59|0x000000060ec00000, 0x000000060f000000, 0x000000060f000000|100%| E|CS|TAMS 0x000000060ec00000| PB 0x000000060ec00000| Complete 
|  60|0x000000060f000000, 0x000000060f400000, 0x000000060f400000|100%| E|CS|TAMS 0x000000060f000000| PB 0x000000060f000000| Complete 
|  61|0x000000060f400000, 0x000000060f800000, 0x000000060f800000|100%| E|CS|TAMS 0x000000060f400000| PB 0x000000060f400000| Complete 
|  62|0x000000060f800000, 0x000000060fc00000, 0x000000060fc00000|100%| E|CS|TAMS 0x000000060f800000| PB 0x000000060f800000| Complete 

Card table byte_map: [0x000001cf7c6c0000,0x000001cf7d6c0000] _byte_map_base: 0x000001cf796c0000

Marking Bits: (CMBitMap*) 0x000001cf7801aa30
 Bits: [0x000001cf20000000, 0x000001cf28000000)

Polling page: 0x000001cf75e20000

Metaspace:

Usage:
  Non-class:     13.27 MB used.
      Class:      2.11 MB used.
       Both:     15.38 MB used.

Virtual space:
  Non-class space:       64.00 MB reserved,      13.50 MB ( 21%) committed,  1 nodes.
      Class space:        1.00 GB reserved,       2.31 MB ( <1%) committed,  1 nodes.
             Both:        1.06 GB reserved,      15.81 MB (  1%) committed. 

Chunk freelists:
   Non-Class:  2.50 MB
       Class:  13.73 MB
        Both:  16.23 MB

MaxMetaspaceSize: 4.00 GB
CompressedClassSpaceSize: 1.00 GB
Initial GC threshold: 21.00 MB
Current GC threshold: 21.00 MB
CDS: on
 - commit_granule_bytes: 65536.
 - commit_granule_words: 8192.
 - virtual_space_node_default_size: 8388608.
 - enlarge_chunks_in_place: 1.
 - use_allocation_guard: 0.


Internal statistics:

num_allocs_failed_limit: 0.
num_arena_births: 520.
num_arena_deaths: 0.
num_vsnodes_births: 2.
num_vsnodes_deaths: 0.
num_space_committed: 253.
num_space_uncommitted: 0.
num_chunks_returned_to_freelist: 0.
num_chunks_taken_from_freelist: 1047.
num_chunk_merges: 0.
num_chunk_splits: 693.
num_chunks_enlarged: 491.
num_inconsistent_stats: 0.

CodeHeap 'non-profiled nmethods': size=259264Kb used=1302Kb max_used=1302Kb free=257961Kb
 bounds [0x000001cf102d0000, 0x000001cf10540000, 0x000001cf20000000]
CodeHeap 'profiled nmethods': size=259264Kb used=5307Kb max_used=5307Kb free=253957Kb
 bounds [0x000001cf00000000, 0x000001cf00530000, 0x000001cf0fd30000]
CodeHeap 'non-nmethods': size=5760Kb used=1399Kb max_used=1413Kb free=4360Kb
 bounds [0x000001cf0fd30000, 0x000001cf0ffa0000, 0x000001cf102d0000]
CodeCache: size=524288Kb, used=8008Kb, max_used=8022Kb, free=516278Kb
 total_blobs=3237, nmethods=2681, adapters=460, full_count=0
Compilation: enabled, stopped_count=0, restarted_count=0

Compilation events (20 events):
Event: 3.495 Thread 0x000001cf7f8b49f0 nmethod 2665 0x000001cf00527d90 code [0x000001cf00527f60, 0x000001cf005282e8]
Event: 3.495 Thread 0x000001cf7f8b49f0 2664       3       org.gradle.internal.service.DefaultServiceRegistry::assertValidServiceType (54 bytes)
Event: 3.496 Thread 0x000001cf7f8b49f0 nmethod 2664 0x000001cf00528410 code [0x000001cf00528620, 0x000001cf00528b78]
Event: 3.496 Thread 0x000001cf7f8b49f0 2668       3       jdk.internal.reflect.MethodHandleAccessorFactory::ensureClassInitialized (18 bytes)
Event: 3.496 Thread 0x000001cf7f8b49f0 nmethod 2668 0x000001cf00528d90 code [0x000001cf00528fa0, 0x000001cf00529408]
Event: 3.497 Thread 0x000001cf7f8b49f0 2669       3       jdk.internal.reflect.ReflectionFactory::useMethodHandleAccessor (18 bytes)
Event: 3.497 Thread 0x000001cf7f8b49f0 nmethod 2669 0x000001cf00529590 code [0x000001cf00529740, 0x000001cf005298c0]
Event: 3.497 Thread 0x000001cf7f8b49f0 2670       3       jdk.internal.reflect.MethodHandleAccessorFactory::useNativeAccessor (86 bytes)
Event: 3.498 Thread 0x000001cf7f8b49f0 nmethod 2670 0x000001cf00529990 code [0x000001cf00529c00, 0x000001cf0052a5d0]
Event: 3.517 Thread 0x000001cf7f8b49f0 2673       3       java.lang.invoke.LambdaFormBuffer::insertExpression (30 bytes)
Event: 3.517 Thread 0x000001cf7f8b49f0 nmethod 2673 0x000001cf0052a890 code [0x000001cf0052aa40, 0x000001cf0052ab98]
Event: 3.517 Thread 0x000001cf7f8b49f0 2674       3       java.lang.invoke.LambdaFormBuffer::endEdit (313 bytes)
Event: 3.518 Thread 0x000001cf7f8b49f0 nmethod 2674 0x000001cf0052ac90 code [0x000001cf0052af00, 0x000001cf0052bcc0]
Event: 3.518 Thread 0x000001cf7f8b49f0 2677       3       java.lang.invoke.LambdaFormBuffer::replaceName (124 bytes)
Event: 3.518 Thread 0x000001cf6eceae20 2678       4       java.util.concurrent.ConcurrentHashMap::get (162 bytes)
Event: 3.518 Thread 0x000001cf7f8b49f0 nmethod 2677 0x000001cf0052c090 code [0x000001cf0052c240, 0x000001cf0052c400]
Event: 3.518 Thread 0x000001cf7f8b49f0 2675       3       jdk.internal.org.objectweb.asm.ClassWriter::visitSource (39 bytes)
Event: 3.518 Thread 0x000001cf7f8b49f0 nmethod 2675 0x000001cf0052c510 code [0x000001cf0052c700, 0x000001cf0052cb88]
Event: 3.518 Thread 0x000001cf7f8b49f0 2676       3       java.lang.invoke.InvokerBytecodeGenerator$ClassData::<init> (20 bytes)
Event: 3.519 Thread 0x000001cf7f8b49f0 nmethod 2676 0x000001cf0052cd10 code [0x000001cf0052cec0, 0x000001cf0052d158]

GC Heap History (4 events):
Event: 0.358 GC heap before
{Heap before GC invocations=0 (full 0):
 garbage-first heap   total 258048K, used 20480K [0x0000000600000000, 0x0000000800000000)
  region size 4096K, 5 young (20480K), 0 survivors (0K)
 Metaspace       used 856K, committed 1024K, reserved 1114112K
  class space    used 70K, committed 128K, reserved 1048576K
}
Event: 0.361 GC heap after
{Heap after GC invocations=1 (full 0):
 garbage-first heap   total 258048K, used 1562K [0x0000000600000000, 0x0000000800000000)
  region size 4096K, 1 young (4096K), 1 survivors (4096K)
 Metaspace       used 856K, committed 1024K, reserved 1114112K
  class space    used 70K, committed 128K, reserved 1048576K
}
Event: 1.396 GC heap before
{Heap before GC invocations=1 (full 0):
 garbage-first heap   total 258048K, used 46618K [0x0000000600000000, 0x0000000800000000)
  region size 4096K, 11 young (45056K), 1 survivors (4096K)
 Metaspace       used 4587K, committed 4864K, reserved 1114112K
  class space    used 584K, committed 704K, reserved 1048576K
}
Event: 1.402 GC heap after
{Heap after GC invocations=2 (full 0):
 garbage-first heap   total 258048K, used 11908K [0x0000000600000000, 0x0000000800000000)
  region size 4096K, 2 young (8192K), 2 survivors (8192K)
 Metaspace       used 4587K, committed 4864K, reserved 1114112K
  class space    used 584K, committed 704K, reserved 1048576K
}

Dll operation events (14 events):
Event: 0.009 Loaded shared library C:\Users\USER\.antigravity\extensions\redhat.java-1.55.0-win32-x64\jre\21.0.11-win32-x86_64\bin\java.dll
Event: 0.066 Loaded shared library C:\Users\USER\.antigravity\extensions\redhat.java-1.55.0-win32-x64\jre\21.0.11-win32-x86_64\bin\zip.dll
Event: 0.084 Loaded shared library C:\Users\USER\.antigravity\extensions\redhat.java-1.55.0-win32-x64\jre\21.0.11-win32-x86_64\bin\instrument.dll
Event: 0.088 Loaded shared library C:\Users\USER\.antigravity\extensions\redhat.java-1.55.0-win32-x64\jre\21.0.11-win32-x86_64\bin\net.dll
Event: 0.090 Loaded shared library C:\Users\USER\.antigravity\extensions\redhat.java-1.55.0-win32-x64\jre\21.0.11-win32-x86_64\bin\nio.dll
Event: 0.092 Loaded shared library C:\Users\USER\.antigravity\extensions\redhat.java-1.55.0-win32-x64\jre\21.0.11-win32-x86_64\bin\zip.dll
Event: 0.392 Loaded shared library C:\Users\USER\.antigravity\extensions\redhat.java-1.55.0-win32-x64\jre\21.0.11-win32-x86_64\bin\jimage.dll
Event: 0.625 Loaded shared library C:\Users\USER\.antigravity\extensions\redhat.java-1.55.0-win32-x64\jre\21.0.11-win32-x86_64\bin\verify.dll
Event: 0.672 Loaded shared library C:\Users\USER\.gradle\native\660c5614fbf4a5f2a75b1949f50a0caf5cd603558e7d8a26e50b933a0cfb79d1\windows-amd64\native-platform.dll
Event: 0.784 Loaded shared library C:\Users\USER\.gradle\native\0.2.8\x86_64-windows-gnu\gradle-fileevents.dll
Event: 2.248 Loaded shared library C:\Users\USER\.antigravity\extensions\redhat.java-1.55.0-win32-x64\jre\21.0.11-win32-x86_64\bin\management.dll
Event: 2.252 Loaded shared library C:\Users\USER\.antigravity\extensions\redhat.java-1.55.0-win32-x64\jre\21.0.11-win32-x86_64\bin\management_ext.dll
Event: 2.419 Loaded shared library C:\Users\USER\.antigravity\extensions\redhat.java-1.55.0-win32-x64\jre\21.0.11-win32-x86_64\bin\extnet.dll
Event: 2.694 Loaded shared library C:\Users\USER\.antigravity\extensions\redhat.java-1.55.0-win32-x64\jre\21.0.11-win32-x86_64\bin\sunmscapi.dll

Deoptimization events (20 events):
Event: 3.375 Thread 0x000001cf6f082190 DEOPT PACKING pc=0x000001cf103a5b58 sp=0x00000086299fba40
Event: 3.375 Thread 0x000001cf6f082190 DEOPT UNPACKING pc=0x000001cf0fd84422 sp=0x00000086299fb9f8 mode 2
Event: 3.415 Thread 0x000001cf6f081b00 Uncommon trap: trap_request=0xffffff45 fr.pc=0x000001cf103c48ac relative=0x000000000000018c
Event: 3.415 Thread 0x000001cf6f081b00 Uncommon trap: reason=unstable_if action=reinterpret pc=0x000001cf103c48ac method=java.util.concurrent.locks.ReentrantLock$NonfairSync.initialTryLock()Z @ 25 c2
Event: 3.415 Thread 0x000001cf6f081b00 DEOPT PACKING pc=0x000001cf103c48ac sp=0x0000008629efeea0
Event: 3.415 Thread 0x000001cf6f081b00 DEOPT UNPACKING pc=0x000001cf0fd84422 sp=0x0000008629efee40 mode 2
Event: 3.457 Thread 0x000001cf6f082190 Uncommon trap: trap_request=0xffffff45 fr.pc=0x000001cf10373a38 relative=0x0000000000000a38
Event: 3.457 Thread 0x000001cf6f082190 Uncommon trap: reason=unstable_if action=reinterpret pc=0x000001cf10373a38 method=java.util.regex.Matcher.reset()Ljava/util/regex/Matcher; @ 47 c2
Event: 3.457 Thread 0x000001cf6f082190 DEOPT PACKING pc=0x000001cf10373a38 sp=0x00000086299fab40
Event: 3.457 Thread 0x000001cf6f082190 DEOPT UNPACKING pc=0x000001cf0fd84422 sp=0x00000086299faa70 mode 2
Event: 3.457 Thread 0x000001cf6f082190 Uncommon trap: trap_request=0xffffff45 fr.pc=0x000001cf102f82e4 relative=0x00000000000004c4
Event: 3.457 Thread 0x000001cf6f082190 Uncommon trap: reason=unstable_if action=reinterpret pc=0x000001cf102f82e4 method=java.util.regex.Matcher.match(II)Z @ 76 c2
Event: 3.457 Thread 0x000001cf6f082190 DEOPT PACKING pc=0x000001cf102f82e4 sp=0x00000086299fab60
Event: 3.457 Thread 0x000001cf6f082190 DEOPT UNPACKING pc=0x000001cf0fd84422 sp=0x00000086299fab18 mode 2
Event: 3.457 Thread 0x000001cf6f082190 Uncommon trap: trap_request=0xffffff45 fr.pc=0x000001cf102f4998 relative=0x00000000000001d8
Event: 3.457 Thread 0x000001cf6f082190 Uncommon trap: reason=unstable_if action=reinterpret pc=0x000001cf102f4998 method=java.util.regex.Matcher.reset()Ljava/util/regex/Matcher; @ 47 c2
Event: 3.457 Thread 0x000001cf6f082190 DEOPT PACKING pc=0x000001cf102f4998 sp=0x00000086299fa9f0
Event: 3.457 Thread 0x000001cf6f082190 DEOPT UNPACKING pc=0x000001cf0fd84422 sp=0x00000086299fa980 mode 2
Event: 3.467 Thread 0x000001cf6f082190 DEOPT PACKING pc=0x000001cf000f3559 sp=0x00000086299fa7a0
Event: 3.467 Thread 0x000001cf6f082190 DEOPT UNPACKING pc=0x000001cf0fd84bc2 sp=0x00000086299f9c38 mode 0

Classes loaded (20 events):
Event: 3.381 Loading class java/util/concurrent/ArrayBlockingQueue
Event: 3.381 Loading class java/util/concurrent/ArrayBlockingQueue done
Event: 3.381 Loading class java/util/concurrent/locks/ReentrantLock$FairSync
Event: 3.382 Loading class java/util/concurrent/locks/ReentrantLock$FairSync done
Event: 3.415 Loading class java/net/DatagramPacket
Event: 3.416 Loading class java/net/DatagramPacket done
Event: 3.417 Loading class sun/nio/ch/DatagramChannelImpl$DatagramPackets
Event: 3.417 Loading class sun/nio/ch/DatagramChannelImpl$DatagramPackets done
Event: 3.480 Loading class java/lang/Character$UnicodeBlock
Event: 3.481 Loading class java/lang/Character$Subset
Event: 3.481 Loading class java/lang/Character$Subset done
Event: 3.481 Loading class java/lang/Character$UnicodeBlock done
Event: 3.500 Loading class sun/security/provider/MD5
Event: 3.500 Loading class sun/security/provider/MD5 done
Event: 3.501 Loading class sun/security/provider/SHA5$SHA512
Event: 3.501 Loading class sun/security/provider/SHA5
Event: 3.501 Loading class sun/security/provider/SHA5 done
Event: 3.501 Loading class sun/security/provider/SHA5$SHA512 done
Event: 3.502 Loading class sun/security/provider/ByteArrayAccess$LE
Event: 3.502 Loading class sun/security/provider/ByteArrayAccess$LE done

Classes unloaded (0 events):
No events

Classes redefined (0 events):
No events

Internal exceptions (20 events):
Event: 2.456 Thread 0x000001cf77f702a0 Exception <a 'java/lang/NoSuchMethodError'{0x000000060b74b1b8}: 'java.lang.Object java.lang.invoke.DirectMethodHandle$Holder.invokeVirtual(java.lang.Object, java.lang.Object, java.lang.Object, java.lang.Object, java.lang.Object, java.lang.Object, java.lang.Object, java.lang.Object, java.lang.Object)'> (0x000000060b74b1b8) 
thrown [s\src\hotspot\share\interpreter\linkResolver.cpp, line 773]
Event: 2.504 Thread 0x000001cf77f702a0 Exception <a 'java/lang/NoSuchMethodError'{0x000000060b0f2270}: 'java.lang.Object java.lang.invoke.DirectMethodHandle$Holder.invokeStaticInit(java.lang.Object, int, int, int, int)'> (0x000000060b0f2270) 
thrown [s\src\hotspot\share\interpreter\linkResolver.cpp, line 773]
Event: 2.528 Thread 0x000001cf77f702a0 Exception <a 'java/lang/NoSuchMethodError'{0x000000060b141ee8}: 'java.lang.Object java.lang.invoke.DirectMethodHandle$Holder.invokeStaticInit(java.lang.Object, java.lang.Object, int, int, int, int)'> (0x000000060b141ee8) 
thrown [s\src\hotspot\share\interpreter\linkResolver.cpp, line 773]
Event: 2.631 Thread 0x000001cf77f702a0 Exception <a 'java/io/IOException'{0x000000060acb6998}> (0x000000060acb6998) 
thrown [s\src\hotspot\share\prims\jni.cpp, line 520]
Event: 2.641 Thread 0x000001cf77f702a0 Implicit null exception at 0x000001cf103228a4 to 0x000001cf10322f18
Event: 2.651 Thread 0x000001cf77f702a0 Exception <a 'java/lang/NoSuchMethodError'{0x000000060ad2cff8}: 'java.lang.Object java.lang.invoke.DirectMethodHandle$Holder.newInvokeSpecial(java.lang.Object, java.lang.Object, java.lang.Object, java.lang.Object, java.lang.Object)'> (0x000000060ad2cff8) 
thrown [s\src\hotspot\share\interpreter\linkResolver.cpp, line 773]
Event: 2.790 Thread 0x000001cf6f1619e0 Exception <a 'java/lang/NoSuchMethodError'{0x000000060a86a2b0}: 'void java.lang.invoke.DirectMethodHandle$Holder.invokeSpecial(java.lang.Object, java.lang.Object, java.lang.Object)'> (0x000000060a86a2b0) 
thrown [s\src\hotspot\share\interpreter\linkResolver.cpp, line 773]
Event: 2.876 Thread 0x000001cf6f082190 Exception <a 'java/lang/NoSuchMethodError'{0x000000060a14a6b8}: 'java.lang.Object java.lang.invoke.DirectMethodHandle$Holder.invokeVirtual(java.lang.Object, java.lang.Object, java.lang.Object, java.lang.Object, java.lang.Object, java.lang.Object, java.lang.Object)'> (0x000000060a14a6b8) 
thrown [s\src\hotspot\share\interpreter\linkResolver.cpp, line 773]
Event: 2.889 Thread 0x000001cf6f082190 Exception <a 'java/lang/NoSuchMethodError'{0x000000060a1e81f0}: 'long java.lang.invoke.DirectMethodHandle$Holder.invokeInterface(java.lang.Object, java.lang.Object)'> (0x000000060a1e81f0) 
thrown [s\src\hotspot\share\interpreter\linkResolver.cpp, line 773]
Event: 2.954 Thread 0x000001cf6f082190 Exception <a 'java/lang/NoSuchMethodError'{0x0000000609ddcfe8}: 'void java.lang.invoke.DirectMethodHandle$Holder.invokeStatic(java.lang.Object, java.lang.Object)'> (0x0000000609ddcfe8) 
thrown [s\src\hotspot\share\interpreter\linkResolver.cpp, line 773]
Event: 2.967 Thread 0x000001cf6f082190 Exception <a 'java/lang/NoSuchMethodError'{0x0000000609e2ce20}: 'java.lang.Object java.lang.invoke.DirectMethodHandle$Holder.invokeVirtual(java.lang.Object, java.lang.Object, java.lang.Object, java.lang.Object, java.lang.Object, java.lang.Object, java.lang.Object, java.lang.Object, java.lang.Object, java.lang.Object, java.lang.Object, java.lang.Object)'> (0x0000000609e2ce20) 
thrown [s\src\hotspot\share\interpreter\linkResolver.cpp, line 773]
Event: 2.968 Thread 0x000001cf6f082190 Exception <a 'java/lang/NoSuchMethodError'{0x0000000609e31e48}: 'java.lang.Object java.lang.invoke.DirectMethodHandle$Holder.invokeSpecial(java.lang.Object, java.lang.Object, java.lang.Object, java.lang.Object, java.lang.Object, java.lang.Object, java.lang.Object, java.lang.Object, java.lang.Object, java.lang.Object, java.lang.Object, java.lang.Object, java.lang.Object)'> (0x0000000609e31e48) 
thrown [s\src\hotspot\share\interpreter\linkResolver.cpp, line 773]
Event: 3.025 Thread 0x000001cf6f082190 Exception <a 'java/lang/NoSuchMethodError'{0x000000060988ee38}: 'int java.lang.invoke.DirectMethodHandle$Holder.invokeVirtual(java.lang.Object, java.lang.Object, java.lang.Object)'> (0x000000060988ee38) 
thrown [s\src\hotspot\share\interpreter\linkResolver.cpp, line 773]
Event: 3.092 Thread 0x000001cf6f082190 Exception <a 'java/lang/NoSuchMethodError'{0x0000000609b227f8}: 'java.lang.Object java.lang.invoke.DirectMethodHandle$Holder.newInvokeSpecial(java.lang.Object, java.lang.Object, java.lang.Object, java.lang.Object, java.lang.Object, java.lang.Object)'> (0x0000000609b227f8) 
thrown [s\src\hotspot\share\interpreter\linkResolver.cpp, line 773]
Event: 3.172 Thread 0x000001cf6f082190 Exception <a 'java/lang/NoSuchMethodError'{0x00000006095cd4c0}: 'void java.lang.invoke.DelegatingMethodHandle$Holder.reinvoke_L(java.lang.Object, java.lang.Object, java.lang.Object, java.lang.Object, java.lang.Object, java.lang.Object, java.lang.Object, java.lang.Object, java.lang.Object, java.lang.Object)'> (0x00000006095cd4c0) 
thrown [s\src\hotspot\share\interpreter\linkResolver.cpp, line 773]
Event: 3.173 Thread 0x000001cf6f082190 Exception <a 'java/lang/NoSuchMethodError'{0x00000006095d4fa0}: 'java.lang.Object java.lang.invoke.Invokers$Holder.invoker(java.lang.Object, java.lang.Object, java.lang.Object, java.lang.Object, java.lang.Object, java.lang.Object, java.lang.Object, java.lang.Object, java.lang.Object, java.lang.Object)'> (0x00000006095d4fa0) 
thrown [s\src\hotspot\share\interpreter\linkResolver.cpp, line 773]
Event: 3.352 Thread 0x000001cf6f082190 Exception <a 'java/lang/NoSuchMethodError'{0x0000000608c72f80}: 'void java.lang.invoke.DirectMethodHandle$Holder.invokeInterface(java.lang.Object, java.lang.Object)'> (0x0000000608c72f80) 
thrown [s\src\hotspot\share\interpreter\linkResolver.cpp, line 773]
Event: 3.352 Thread 0x000001cf6f082190 Exception <a 'java/lang/IncompatibleClassChangeError'{0x0000000608c76500}: Found class java.lang.Object, but interface was expected> (0x0000000608c76500) 
thrown [s\src\hotspot\share\interpreter\linkResolver.cpp, line 840]
Event: 3.385 Thread 0x000001cf6f082190 Exception <a 'java/lang/NoSuchMethodError'{0x0000000608da5ed0}: 'java.lang.Object java.lang.invoke.DirectMethodHandle$Holder.newInvokeSpecial(java.lang.Object, java.lang.Object, int)'> (0x0000000608da5ed0) 
thrown [s\src\hotspot\share\interpreter\linkResolver.cpp, line 773]
Event: 3.515 Thread 0x000001cf6f082190 Exception <a 'java/lang/NoSuchMethodError'{0x0000000608a931a0}: 'java.lang.Object java.lang.invoke.DirectMethodHandle$Holder.invokeVirtual(java.lang.Object, java.lang.Object, java.lang.Object, java.lang.Object, java.lang.Object, java.lang.Object, java.lang.Object, java.lang.Object)'> (0x0000000608a931a0) 
thrown [s\src\hotspot\share\interpreter\linkResolver.cpp, line 773]

ZGC Phase Switch (0 events):
No events

VM Operations (20 events):
Event: 2.293 Executing non-safepoint VM operation: HandshakeAllThreads (Deoptimize)
Event: 2.293 Executing non-safepoint VM operation: HandshakeAllThreads (Deoptimize) done
Event: 2.294 Executing non-safepoint VM operation: HandshakeAllThreads (Deoptimize)
Event: 2.294 Executing non-safepoint VM operation: HandshakeAllThreads (Deoptimize) done
Event: 2.340 Executing non-safepoint VM operation: HandshakeAllThreads (Deoptimize)
Event: 2.340 Executing non-safepoint VM operation: HandshakeAllThreads (Deoptimize) done
Event: 2.402 Executing safepoint VM operation: ICBufferFull
Event: 2.402 Executing safepoint VM operation: ICBufferFull done
Event: 2.415 Executing non-safepoint VM operation: HandshakeAllThreads (Deoptimize)
Event: 2.415 Executing non-safepoint VM operation: HandshakeAllThreads (Deoptimize) done
Event: 2.480 Executing non-safepoint VM operation: HandshakeAllThreads (Deoptimize)
Event: 2.480 Executing non-safepoint VM operation: HandshakeAllThreads (Deoptimize) done
Event: 2.522 Executing non-safepoint VM operation: HandshakeAllThreads (Deoptimize)
Event: 2.522 Executing non-safepoint VM operation: HandshakeAllThreads (Deoptimize) done
Event: 2.708 Executing non-safepoint VM operation: HandshakeAllThreads (Deoptimize)
Event: 2.708 Executing non-safepoint VM operation: HandshakeAllThreads (Deoptimize) done
Event: 3.171 Executing safepoint VM operation: ICBufferFull
Event: 3.171 Executing safepoint VM operation: ICBufferFull done
Event: 3.382 Executing non-safepoint VM operation: HandshakeAllThreads (Deoptimize)
Event: 3.382 Executing non-safepoint VM operation: HandshakeAllThreads (Deoptimize) done

Memory protections (0 events):
No events

Nmethod flushes (0 events):
No events

Events (20 events):
Event: 0.041 Thread 0x000001cf77f702a0 Thread added: 0x000001cf7f8b49f0
Event: 0.085 Thread 0x000001cf77f702a0 Thread added: 0x000001cf284052d0
Event: 0.104 Thread 0x000001cf77f702a0 Thread added: 0x000001cf28532480
Event: 0.249 Thread 0x000001cf7f8b49f0 Thread added: 0x000001cf28550ed0
Event: 0.383 Thread 0x000001cf7f8b49f0 Thread added: 0x000001cf28701500
Event: 1.595 Thread 0x000001cf28701500 Thread exited: 0x000001cf28701500
Event: 1.886 Thread 0x000001cf28550ed0 Thread exited: 0x000001cf28550ed0
Event: 1.988 Thread 0x000001cf7f8b49f0 Thread added: 0x000001cf6eceae20
Event: 2.294 Thread 0x000001cf77f702a0 Thread added: 0x000001cf6e4725c0
Event: 2.545 Thread 0x000001cf77f702a0 Thread added: 0x000001cf6f114eb0
Event: 2.657 Thread 0x000001cf77f702a0 Thread added: 0x000001cf6f0d1380
Event: 2.743 Thread 0x000001cf6f114eb0 Thread added: 0x000001cf6f1619e0
Event: 2.746 Thread 0x000001cf6f1619e0 Thread added: 0x000001cf6e17b190
Event: 2.780 Thread 0x000001cf6f1619e0 Thread added: 0x000001cf6f1408c0
Event: 2.791 Thread 0x000001cf6f1619e0 Thread added: 0x000001cf6f082190
Event: 2.806 Thread 0x000001cf6f082190 Thread added: 0x000001cf6f080750
Event: 2.810 Thread 0x000001cf6f082190 Thread added: 0x000001cf6f080de0
Event: 2.818 Thread 0x000001cf6f082190 Thread added: 0x000001cf6f082820
Event: 3.383 Thread 0x000001cf6f082190 Thread added: 0x000001cf6f0800c0
Event: 3.415 Thread 0x000001cf6f082190 Thread added: 0x000001cf6f081b00


Dynamic libraries:
0x00007ff634ba0000 - 0x00007ff634bae000 	C:\Users\USER\.antigravity\extensions\redhat.java-1.55.0-win32-x64\jre\21.0.11-win32-x86_64\bin\java.exe
0x00007ffed8340000 - 0x00007ffed85a7000 	C:\WINDOWS\SYSTEM32\ntdll.dll
0x00007ffed6ed0000 - 0x00007ffed6f9a000 	C:\WINDOWS\System32\KERNEL32.DLL
0x00007ffed5ad0000 - 0x00007ffed5ed2000 	C:\WINDOWS\System32\KERNELBASE.dll
0x00007ffed5880000 - 0x00007ffed59cc000 	C:\WINDOWS\System32\ucrtbase.dll
0x00007ffebcf50000 - 0x00007ffebcf6e000 	C:\Users\USER\.antigravity\extensions\redhat.java-1.55.0-win32-x64\jre\21.0.11-win32-x86_64\bin\VCRUNTIME140.dll
0x00007ffea2330000 - 0x00007ffea2348000 	C:\Users\USER\.antigravity\extensions\redhat.java-1.55.0-win32-x64\jre\21.0.11-win32-x86_64\bin\jli.dll
0x00007ffed78d0000 - 0x00007ffed7a9f000 	C:\WINDOWS\System32\USER32.dll
0x00007ffeba5b0000 - 0x00007ffeba840000 	C:\WINDOWS\WinSxS\amd64_microsoft.windows.common-controls_6595b64144ccf1df_6.0.26100.9278_none_3e0d1ba8e3303201\COMCTL32.dll
0x00007ffed5aa0000 - 0x00007ffed5ac7000 	C:\WINDOWS\System32\win32u.dll
0x00007ffed7190000 - 0x00007ffed7239000 	C:\WINDOWS\System32\msvcrt.dll
0x00007ffed6830000 - 0x00007ffed685b000 	C:\WINDOWS\System32\GDI32.dll
0x00007ffed56c0000 - 0x00007ffed57e9000 	C:\WINDOWS\System32\gdi32full.dll
0x00007ffed5610000 - 0x00007ffed56b3000 	C:\WINDOWS\System32\msvcp_win.dll
0x00007ffed6860000 - 0x00007ffed6891000 	C:\WINDOWS\System32\IMM32.DLL
0x00007ffec0aa0000 - 0x00007ffec0aac000 	C:\Users\USER\.antigravity\extensions\redhat.java-1.55.0-win32-x64\jre\21.0.11-win32-x86_64\bin\vcruntime140_1.dll
0x00007ffe52110000 - 0x00007ffe5219d000 	C:\Users\USER\.antigravity\extensions\redhat.java-1.55.0-win32-x64\jre\21.0.11-win32-x86_64\bin\msvcp140.dll
0x00007ffdf92e0000 - 0x00007ffdfa082000 	C:\Users\USER\.antigravity\extensions\redhat.java-1.55.0-win32-x64\jre\21.0.11-win32-x86_64\bin\server\jvm.dll
0x00007ffed7350000 - 0x00007ffed740c000 	C:\WINDOWS\System32\ADVAPI32.dll
0x00007ffed8140000 - 0x00007ffed81e9000 	C:\WINDOWS\System32\sechost.dll
0x00007ffed6fa0000 - 0x00007ffed70b8000 	C:\WINDOWS\System32\RPCRT4.dll
0x00007ffed81f0000 - 0x00007ffed8270000 	C:\WINDOWS\System32\WS2_32.dll
0x00007ffed53b0000 - 0x00007ffed540e000 	C:\WINDOWS\SYSTEM32\POWRPROF.dll
0x00007ffeca920000 - 0x00007ffeca956000 	C:\WINDOWS\SYSTEM32\WINMM.dll
0x00007ffebf120000 - 0x00007ffebf12b000 	C:\WINDOWS\SYSTEM32\VERSION.dll
0x00007ffed5380000 - 0x00007ffed5395000 	C:\WINDOWS\SYSTEM32\UMPDC.dll
0x00007ffed4220000 - 0x00007ffed423b000 	C:\WINDOWS\SYSTEM32\kernel.appcore.dll
0x00007ffec0790000 - 0x00007ffec079a000 	C:\Users\USER\.antigravity\extensions\redhat.java-1.55.0-win32-x64\jre\21.0.11-win32-x86_64\bin\jimage.dll
0x00007ffed2aa0000 - 0x00007ffed2ce2000 	C:\WINDOWS\SYSTEM32\DBGHELP.DLL
0x00007ffed7ab0000 - 0x00007ffed7e34000 	C:\WINDOWS\System32\combase.dll
0x00007ffed8060000 - 0x00007ffed8139000 	C:\WINDOWS\System32\OLEAUT32.dll
0x00007ffeb3e00000 - 0x00007ffeb3e3b000 	C:\WINDOWS\SYSTEM32\dbgcore.DLL
0x00007ffed5550000 - 0x00007ffed55fc000 	C:\WINDOWS\System32\bcryptPrimitives.dll
0x00007ffebeb50000 - 0x00007ffebeb5f000 	C:\Users\USER\.antigravity\extensions\redhat.java-1.55.0-win32-x64\jre\21.0.11-win32-x86_64\bin\instrument.dll
0x00007ffea2310000 - 0x00007ffea2330000 	C:\Users\USER\.antigravity\extensions\redhat.java-1.55.0-win32-x64\jre\21.0.11-win32-x86_64\bin\java.dll
0x00007ffed6090000 - 0x00007ffed6828000 	C:\WINDOWS\System32\SHELL32.dll
0x00007ffed2fd0000 - 0x00007ffed387e000 	C:\WINDOWS\SYSTEM32\windows.storage.dll
0x00007ffed77d0000 - 0x00007ffed78cb000 	C:\WINDOWS\System32\SHCORE.dll
0x00007ffed7760000 - 0x00007ffed77c6000 	C:\WINDOWS\System32\shlwapi.dll
0x00007ffed5470000 - 0x00007ffed5499000 	C:\WINDOWS\SYSTEM32\profapi.dll
0x00007ffe9a120000 - 0x00007ffe9a138000 	C:\Users\USER\.antigravity\extensions\redhat.java-1.55.0-win32-x64\jre\21.0.11-win32-x86_64\bin\zip.dll
0x00007ffebcf40000 - 0x00007ffebcf50000 	C:\Users\USER\.antigravity\extensions\redhat.java-1.55.0-win32-x64\jre\21.0.11-win32-x86_64\bin\net.dll
0x00007ffec5490000 - 0x00007ffec55ba000 	C:\WINDOWS\SYSTEM32\WINHTTP.dll
0x00007ffed47e0000 - 0x00007ffed484c000 	C:\WINDOWS\system32\mswsock.dll
0x00007ffe8faa0000 - 0x00007ffe8fab6000 	C:\Users\USER\.antigravity\extensions\redhat.java-1.55.0-win32-x64\jre\21.0.11-win32-x86_64\bin\nio.dll
0x00007ffea24b0000 - 0x00007ffea24c0000 	C:\Users\USER\.antigravity\extensions\redhat.java-1.55.0-win32-x64\jre\21.0.11-win32-x86_64\bin\verify.dll
0x00007ffec0ad0000 - 0x00007ffec0af7000 	C:\Users\USER\.gradle\native\660c5614fbf4a5f2a75b1949f50a0caf5cd603558e7d8a26e50b933a0cfb79d1\windows-amd64\native-platform.dll
0x00007ffebd150000 - 0x00007ffebd1c7000 	C:\Users\USER\.gradle\native\0.2.8\x86_64-windows-gnu\gradle-fileevents.dll
0x00007ffea0400000 - 0x00007ffea040a000 	C:\Users\USER\.antigravity\extensions\redhat.java-1.55.0-win32-x64\jre\21.0.11-win32-x86_64\bin\management.dll
0x00007ffe9a470000 - 0x00007ffe9a47c000 	C:\Users\USER\.antigravity\extensions\redhat.java-1.55.0-win32-x64\jre\21.0.11-win32-x86_64\bin\management_ext.dll
0x00007ffed7180000 - 0x00007ffed7188000 	C:\WINDOWS\System32\PSAPI.DLL
0x00007ffed3bf0000 - 0x00007ffed3c23000 	C:\WINDOWS\SYSTEM32\IPHLPAPI.DLL
0x00007ffed7320000 - 0x00007ffed732a000 	C:\WINDOWS\System32\NSI.dll
0x00007ffe8e2b0000 - 0x00007ffe8e2b9000 	C:\Users\USER\.antigravity\extensions\redhat.java-1.55.0-win32-x64\jre\21.0.11-win32-x86_64\bin\extnet.dll
0x00007ffed4ad0000 - 0x00007ffed4aeb000 	C:\WINDOWS\SYSTEM32\CRYPTSP.dll
0x00007ffed4180000 - 0x00007ffed41b9000 	C:\WINDOWS\system32\rsaenh.dll
0x00007ffed4890000 - 0x00007ffed48c4000 	C:\WINDOWS\SYSTEM32\USERENV.dll
0x00007ffed5440000 - 0x00007ffed546a000 	C:\WINDOWS\SYSTEM32\bcrypt.dll
0x00007ffed4af0000 - 0x00007ffed4afc000 	C:\WINDOWS\SYSTEM32\CRYPTBASE.dll
0x00007ffea0700000 - 0x00007ffea070e000 	C:\Users\USER\.antigravity\extensions\redhat.java-1.55.0-win32-x64\jre\21.0.11-win32-x86_64\bin\sunmscapi.dll
0x00007ffed5ee0000 - 0x00007ffed605e000 	C:\WINDOWS\System32\CRYPT32.dll
0x00007ffed4d10000 - 0x00007ffed4d40000 	C:\WINDOWS\SYSTEM32\ncrypt.dll
0x00007ffed4cc0000 - 0x00007ffed4cff000 	C:\WINDOWS\SYSTEM32\NTASN1.dll
0x00007ffe9ce90000 - 0x00007ffe9ce98000 	C:\WINDOWS\system32\wshunix.dll

JVMTI agents:
C:\Users\USER\.gradle\wrapper\dists\gradle-9.3.1-all\9ot9r568e8zfvvd4mn8rbu1j0\gradle-9.3.1\lib\agents\gradle-instrumentation-agent-9.3.1.jar path:C:\Users\USER\.antigravity\extensions\redhat.java-1.55.0-win32-x64\jre\21.0.11-win32-x86_64\bin\instrument.dll, loaded, initialized, instrumentlib options:none

dbghelp: loaded successfully - version: 4.0.5 - missing functions: none
symbol engine: initialized successfully - sym options: 0x614 - pdb path: .;C:\Users\USER\.antigravity\extensions\redhat.java-1.55.0-win32-x64\jre\21.0.11-win32-x86_64\bin;C:\WINDOWS\SYSTEM32;C:\WINDOWS\WinSxS\amd64_microsoft.windows.common-controls_6595b64144ccf1df_6.0.26100.9278_none_3e0d1ba8e3303201;C:\Users\USER\.antigravity\extensions\redhat.java-1.55.0-win32-x64\jre\21.0.11-win32-x86_64\bin\server;C:\Users\USER\.gradle\native\660c5614fbf4a5f2a75b1949f50a0caf5cd603558e7d8a26e50b933a0cfb79d1\windows-amd64;C:\Users\USER\.gradle\native\0.2.8\x86_64-windows-gnu

VM Arguments:
jvm_args: --add-opens=java.base/java.lang=ALL-UNNAMED --add-opens=java.base/java.lang.invoke=ALL-UNNAMED --add-opens=java.base/java.util=ALL-UNNAMED --add-opens=java.prefs/java.util.prefs=ALL-UNNAMED --add-exports=jdk.compiler/com.sun.tools.javac.api=ALL-UNNAMED --add-exports=jdk.compiler/com.sun.tools.javac.util=ALL-UNNAMED --add-opens=java.base/java.util=ALL-UNNAMED --add-opens=java.prefs/java.util.prefs=ALL-UNNAMED --add-opens=java.base/java.nio.charset=ALL-UNNAMED --add-opens=java.base/java.net=ALL-UNNAMED --add-opens=java.base/java.util.concurrent=ALL-UNNAMED --add-opens=java.base/java.util.concurrent.atomic=ALL-UNNAMED --add-opens=java.xml/javax.xml.namespace=ALL-UNNAMED --add-opens=java.base/java.time=ALL-UNNAMED -XX:MaxMetaspaceSize=4G -XX:ReservedCodeCacheSize=512m -XX:+HeapDumpOnOutOfMemoryError -Xmx8G -Dfile.encoding=UTF-8 -Duser.country=US -Duser.language=en -Duser.variant -javaagent:C:\Users\USER\.gradle\wrapper\dists\gradle-9.3.1-all\9ot9r568e8zfvvd4mn8rbu1j0\gradle-9.3.1\lib\agents\gradle-instrumentation-agent-9.3.1.jar 
java_command: org.gradle.launcher.daemon.bootstrap.GradleDaemon 9.3.1
java_class_path (initial): C:\Users\USER\.gradle\wrapper\dists\gradle-9.3.1-all\9ot9r568e8zfvvd4mn8rbu1j0\gradle-9.3.1\lib\gradle-daemon-main-9.3.1.jar
Launcher Type: SUN_STANDARD

[Global flags]
     intx CICompilerCount                          = 4                                         {product} {ergonomic}
     uint ConcGCThreads                            = 2                                         {product} {ergonomic}
     uint G1ConcRefinementThreads                  = 8                                         {product} {ergonomic}
   size_t G1HeapRegionSize                         = 4194304                                   {product} {ergonomic}
    uintx GCDrainStackTargetSize                   = 64                                        {product} {ergonomic}
     bool HeapDumpOnOutOfMemoryError               = true                                   {manageable} {command line}
   size_t InitialHeapSize                          = 264241152                                 {product} {ergonomic}
   size_t MarkStackSize                            = 4194304                                   {product} {ergonomic}
   size_t MaxHeapSize                              = 8589934592                                {product} {command line}
   size_t MaxMetaspaceSize                         = 4294967296                                {product} {command line}
   size_t MaxNewSize                               = 5150605312                                {product} {ergonomic}
   size_t MinHeapDeltaBytes                        = 4194304                                   {product} {ergonomic}
   size_t MinHeapSize                              = 8388608                                   {product} {ergonomic}
    uintx NonNMethodCodeHeapSize                   = 5839372                                {pd product} {ergonomic}
    uintx NonProfiledCodeHeapSize                  = 265515770                              {pd product} {ergonomic}
    uintx ProfiledCodeHeapSize                     = 265515770                              {pd product} {ergonomic}
    uintx ReservedCodeCacheSize                    = 536870912                              {pd product} {command line}
     bool SegmentedCodeCache                       = true                                      {product} {ergonomic}
   size_t SoftMaxHeapSize                          = 8589934592                             {manageable} {ergonomic}
     bool UseCompressedOops                        = true                           {product lp64_product} {ergonomic}
     bool UseG1GC                                  = true                                      {product} {ergonomic}
     bool UseLargePagesIndividualAllocation        = false                                  {pd product} {ergonomic}

Logging:
Log output configuration:
 #0: stdout all=warning uptime,level,tags foldmultilines=false
 #1: stderr all=off uptime,level,tags foldmultilines=false

Release file:
JAVA_VERSION="21.0.11" 
MODULES="java.base java.compiler java.datatransfer java.xml java.prefs java.desktop java.instrument java.logging java.management java.security.sasl java.naming java.rmi java.management.rmi java.net.http java.scripting java.security.jgss java.transaction.xa java.sql java.sql.rowset java.xml.crypto java.se java.smartcardio jdk.accessibility jdk.internal.jvmstat jdk.attach jdk.charsets jdk.internal.opt jdk.zipfs jdk.compiler jdk.crypto.ec jdk.crypto.cryptoki jdk.crypto.mscapi jdk.dynalink jdk.internal.ed jdk.editpad jdk.hotspot.agent jdk.httpserver jdk.internal.le jdk.internal.vm.ci jdk.internal.vm.compiler jdk.internal.vm.compiler.management jdk.jartool jdk.javadoc jdk.jcmd jdk.management jdk.management.agent jdk.jconsole jdk.jdeps jdk.jdwp.agent jdk.jdi jdk.jfr jdk.jshell jdk.jsobject jdk.jstatd jdk.localedata jdk.management.jfr jdk.naming.dns jdk.naming.rmi jdk.net jdk.nio.mapmode jdk.random jdk.sctp jdk.security.auth jdk.security.jgss jdk.unsupported jdk.unsupported.desktop jdk.xml.dom" 

Environment Variables:
PATH=C:\app\USER\product\21c\dbhomeXE\bin;C:\Program Files (x86)\Common Files\Oracle\Java\javapath;C:\Program Files\Eclipse Adoptium\jdk-21.0.8.9-hotspot\bin;C:\Program Files\Common Files\Oracle\Java\javapath;C:\WINDOWS\system32;C:\WINDOWS;C:\WINDOWS\System32\Wbem;C:\WINDOWS\System32\WindowsPowerShell\v1.0\;C:\WINDOWS\System32\OpenSSH\;C:\Program Files\Microsoft SQL Server\150\Tools\Binn\;C:\Program Files\dotnet\;C:\Program Files (x86)\Windows Kits\10\Windows Performance Toolkit\;C:\Program Files (x86)\Microsoft SQL Server\160\Tools\Binn\;C:\Program Files\Microsoft SQL Server\160\Tools\Binn\;C:\Program Files\Microsoft SQL Server\Client SDK\ODBC\170\Tools\Binn\;C:\Program Files\Microsoft SQL Server\160\DTS\Binn\;C:\Program Files (x86)\Microsoft SQL Server\160\DTS\Binn\;C:\Program Files\MySQL\MySQL Server 8.0\bin;C:\Program Files\nodejs\;C:\Program Files\Git\cmd;C:\Program Files\WSO2\Enterprise Integrator\6.6.0\bin;C:\Program Files\Apache\Maven\bin;C:\Users\USER\AppData\Local\Programs\Python\Launcher\;C:\Program Files\MySQL\MySQL Shell 8.0\bin\;C:\Users\USER\AppData\Local\Microsoft\WindowsApps;C:\Users\USER\AppData\Local\Programs\Microsoft VS Code\bin;C:\Users\USER\.dotnet\tools;C:\Users\USER\AppData\Roaming\npm;C:\Users\USER\AppData\Local\GitHubDesktop\bin;C:\Users\USER\AppData\Local\Python\bin;C:\Users\USER\flutter\flutter\bin;C:\Users\USER\AppData\Local\Programs\Antigravity\bin;
USERNAME=USER
OS=Windows_NT
PROCESSOR_IDENTIFIER=Intel64 Family 6 Model 154 Stepping 4, GenuineIntel
TMP=C:\Users\USER\AppData\Local\Temp
TEMP=C:\Users\USER\AppData\Local\Temp




Periodic native trim disabled

---------------  S Y S T E M  ---------------

OS:
 Windows 11 , 64 bit Build 26100 (10.0.26100.9278)
OS uptime: 0 days 0:26 hours

CPU: total 8 (initial active 8) (4 cores per cpu, 2 threads per core) family 6 model 154 stepping 4 microcode 0x424, cx8, cmov, fxsr, ht, mmx, 3dnowpref, sse, sse2, sse3, ssse3, sse4.1, sse4.2, popcnt, lzcnt, tsc, tscinvbit, avx, avx2, aes, erms, clmul, bmi1, bmi2, adx, sha, fma, vzeroupper, clflush, clflushopt, clwb, serialize, rdtscp, rdpid, fsrm, f16c, pku, cet_ibt, cet_ss
Processor Information for the first 8 processors :
  Max Mhz: 1200, Current Mhz: 1200, Mhz Limit: 1200

Memory: 4k page, system-wide physical 16078M (816M free)
TotalPageFile size 19921M (AvailPageFile size 1M)
current process WorkingSet (physical memory assigned to process): 208M, peak: 208M
current process commit charge ("private bytes"): 392M, peak: 393M

vm_info: OpenJDK 64-Bit Server VM (21.0.11+10-LTS) for windows-amd64 JRE (21.0.11+10-LTS), built on 2026-04-21T00:00:00Z by "admin" with MS VC++ 17.12 (VS2022)

END.
